../Core/Src/main.c:114:6:HAL_ADC_ConvCpltCallback	16	static
../Core/Src/main.c:124:7:calVol	160	static
../Core/Src/main.c:152:7:calInt	160	static
../Core/Src/main.c:177:6:pidInit	8	static
../Core/Src/main.c:190:13:pidExecu	168	static
../Core/Src/main.c:222:6:autoBlock	16	static
../Core/Src/main.c:240:6:dutyCycle	136	static
../Core/Src/main.c:248:6:setDuty	4	static
../Core/Src/main.c:255:6:setPidState	4	static
../Core/Src/main.c:262:6:keySwitch	8	static
../Core/Src/main.c:340:6:keyGet	32	static
../Core/Src/main.c:357:6:numError	8	static
../Core/Src/main.c:383:5:main	8	static
../Core/Src/main.c:465:6:SystemClock_Config	88	static
../Core/Src/main.c:514:6:Error_Handler	4	static,ignoring_inline_asm
