../Core/Src/main.c:114:6:HAL_ADC_ConvCpltCallback	16	static
../Core/Src/main.c:124:7:calVol	152	static
../Core/Src/main.c:153:7:calInt	152	static
../Core/Src/main.c:178:6:pidInit	8	static
../Core/Src/main.c:191:13:pidExecu	168	static
../Core/Src/main.c:223:6:autoBlock	16	static
../Core/Src/main.c:241:6:dutyCycle	136	static
../Core/Src/main.c:249:6:setDuty	4	static
../Core/Src/main.c:256:6:setPidState	4	static
../Core/Src/main.c:263:6:keySwitch	8	static
../Core/Src/main.c:341:6:keyGet	32	static
../Core/Src/main.c:358:6:numError	8	static
../Core/Src/main.c:384:5:main	8	static
../Core/Src/main.c:466:6:SystemClock_Config	88	static
../Core/Src/main.c:515:6:Error_Handler	4	static,ignoring_inline_asm
