../Drivers/LCD12864/lcd12864.c:5:6:JLX12864G_086_GPIOInit	56	static
../Drivers/LCD12864/lcd12864.c:74:6:transfer_command_lcd	24	static
../Drivers/LCD12864/lcd12864.c:92:6:transfer_data_lcd	24	static
../Drivers/LCD12864/lcd12864.c:108:6:initial_lcd	8	static
../Drivers/LCD12864/lcd12864.c:132:6:lcd_address	16	static
../Drivers/LCD12864/lcd12864.c:140:6:clear_screen	16	static
../Drivers/LCD12864/lcd12864.c:155:6:display_128x64	24	static
../Drivers/LCD12864/lcd12864.c:169:6:display_graphic_16x16	24	static
../Drivers/LCD12864/lcd12864.c:184:6:display_graphic_8x16	24	static
../Drivers/LCD12864/lcd12864.c:198:6:display_graphic_5x8	24	static
../Drivers/LCD12864/lcd12864.c:209:6:send_command_to_ROM	24	static
../Drivers/LCD12864/lcd12864.c:224:14:get_data_from_ROM	16	static
../Drivers/LCD12864/lcd12864.c:244:6:get_and_write_16x16	24	static
../Drivers/LCD12864/lcd12864.c:266:6:get_and_write_8x16	24	static
../Drivers/LCD12864/lcd12864.c:286:6:get_and_write_5x8	24	static
../Drivers/LCD12864/lcd12864.c:304:6:display_GB2312_string	24	static
../Drivers/LCD12864/lcd12864.c:344:6:display_string_5x8	24	static
